// Jest Snapshot v1, https://goo.gl/fbAQLP

exports[`Given a Login component when is rendered Then it matchas de snapshot 1`] = `
<v-row justify="center">
  <v-col cols="10" sm="8" md="6" lg="4">
    <v-card class="pa-3 login-card">
      <v-card-title class="login mt-5 mb-4">
        <h2 class="login__title">Login</h2>
      </v-card-title>
      <v-card-text>
        <v-text-field modelvalue="" rules="() => {
                      /* istanbul ignore next */
                      cov_1dlrxdt9wm.f[9]++;
                      cov_1dlrxdt9wm.s[41]++;
                      return (
                        /* istanbul ignore next */
                        (cov_1dlrxdt9wm.b[4][0]++, !!_ctx.email) ||
                        /* istanbul ignore next */
                        (cov_1dlrxdt9wm.b[4][1]++, 'This field is required')
                      );
                    }" label="Email" required="" placeholder="example@nectios.com"></v-text-field>
        <v-text-field modelvalue="" rules="() => {
                      /* istanbul ignore next */
                      cov_1dlrxdt9wm.f[11]++;
                      cov_1dlrxdt9wm.s[43]++;
                      return (
                        /* istanbul ignore next */
                        (cov_1dlrxdt9wm.b[6][0]++, !!_ctx.clientKey) ||
                        /* istanbul ignore next */
                        (cov_1dlrxdt9wm.b[6][1]++, 'This field is required')
                      );
                    }" label="Client Key" required="" placeholder="ff000aa0-1bb1-222c-8888-0000aa123456"></v-text-field>
        <v-text-field modelvalue="" rules="() => {
                      /* istanbul ignore next */
                      cov_1dlrxdt9wm.f[13]++;
                      cov_1dlrxdt9wm.s[45]++;
                      return (
                        /* istanbul ignore next */
                        (cov_1dlrxdt9wm.b[8][0]++, !!_ctx.password) ||
                        /* istanbul ignore next */
                        (cov_1dlrxdt9wm.b[8][1]++, 'This field is required')
                      );
                    },() => {
                      /* istanbul ignore next */
                      cov_1dlrxdt9wm.f[14]++;
                      cov_1dlrxdt9wm.s[46]++;
                      return (
                        /* istanbul ignore next */
                        (cov_1dlrxdt9wm.b[9][0]++, !!_ctx.password) &amp;&amp;
                        /* istanbul ignore next */
                        (cov_1dlrxdt9wm.b[9][1]++, _ctx.password.length >= 8) ||
                        /* istanbul ignore next */
                        (cov_1dlrxdt9wm.b[9][2]++, 'At least 8 characters')
                      );
                    }" label="Password" placeholder="password example" required="" counter="MÃ­n 8 characters"></v-text-field>
      </v-card-text>
      <v-card-actions>
        <v-spacer></v-spacer>
        <v-btn class="mb-1 mr-2" disabled="true" color="#fb8c00" text=""> Submit </v-btn>
      </v-card-actions>
    </v-card>
    <div class="errorMessage">
      <!--v-if-->
    </div>
  </v-col>
</v-row>
`;
